python : C:\Users\HP 450 G 9\AppData\Local\Programs\Pyth
on\Python312\Lib\site-packages\pytest_asyncio\plugin.py:
247: PytestDeprecationWarning: The configuration option 
"asyncio_default_fixture_loop_scope" is unset.
At line:1 char:90
+ ... pts;" + $env:Path; python -m pytest tests/ -v 
--tb=short 2>&1 | Out-F ...
+                        
~~~~~~~~~~~~~~~~~~~~~~~~~~~~~~~~~~~~~~~~~~
    + CategoryInfo          : NotSpecified: (C:\Users\H 
   P 450...cope" is unset.:String) [], RemoteException
    + FullyQualifiedErrorId : NativeCommandError
 
The event loop scope for asynchronous fixtures will 
default to the fixture caching scope. Future versions 
of pytest-asyncio will default the loop scope for 
asynchronous fixtures to function scope. Set the 
default fixture loop scope explicitly in order to avoid 
unexpected behavior in the future. Valid fixture loop 
scopes are: "function", "class", "module", "package", 
"session"

  warnings.warn(PytestDeprecationWarning(_DEFAULT_FIXTUR
E_LOOP_SCOPE_UNSET))
============================= test session starts =============================
platform win32 -- Python 3.12.6, pytest-8.3.4, pluggy-1.5.0 -- C:\Users\HP 450 G 9\AppData\Local\Programs\Python\Python312\python.exe
cachedir: .pytest_cache
rootdir: E:\Uni data\FYP\integrow\projects\shuja609\test
configfile: pytest.ini
plugins: anyio-4.10.0, asyncio-1.3.0, cov-6.0.0, mock-3.14.0
asyncio: mode=Mode.AUTO, debug=False, asyncio_default_fixture_loop_scope=None, asyncio_default_test_loop_scope=function
collecting ... collected 97 items

tests/api/test_category_router.py::test_create_category PASSED           [  1%]
tests/api/test_category_router.py::test_get_category PASSED              [  2%]
tests/api/test_category_router.py::test_list_categories PASSED           [  3%]
tests/api/test_category_router.py::test_update_category PASSED           [  4%]
tests/api/test_category_router.py::test_delete_category PASSED           [  5%]
tests/api/test_category_router.py::test_get_nonexistent_category PASSED  [  6%]
tests/api/test_category_router.py::test_delete_nonexistent_category PASSED [  7%]
tests/api/test_category_router.py::test_create_category_missing_required_field PASSED [  8%]
tests/models/test_category.py::test_create_category_defaults PASSED      [  9%]
tests/models/test_category.py::test_create_category_with_all_fields PASSED [ 10%]
tests/models/test_category.py::test_update_category PASSED               [ 11%]
tests/models/test_category.py::test_delete_category PASSED               [ 12%]
tests/models/test_category.py::test_category_crud PASSED                 [ 13%]
tests/models/test_category.py::test_multiple_categories PASSED           [ 14%]
tests/models/test_error.py::test_error_defaults PASSED                   [ 15%]
tests/models/test_error.py::test_error_crud PASSED                       [ 16%]
tests/models/test_error.py::test_error_model_validation PASSED           [ 17%]
tests/models/test_error.py::test_multiple_errors PASSED                  [ 18%]
tests/models/test_error.py::test_relationships PASSED                    [ 19%]
tests/models/test_inventory.py::test_inventory_defaults PASSED           [ 20%]
tests/models/test_inventory.py::test_inventory_create_item PASSED        [ 21%]
tests/models/test_inventory.py::test_inventory_update_item PASSED        [ 22%]
tests/models/test_inventory.py::test_inventory_retrieve_item PASSED      [ 23%]
tests/models/test_inventory.py::test_inventory_delete_item PASSED        [ 24%]
tests/models/test_inventory.py::test_inventory_list_items PASSED         [ 25%]
tests/models/test_inventory.py::test_inventory_filter_by_category PASSED [ 26%]
tests/models/test_item.py::test_item_defaults PASSED                     [ 27%]
tests/models/test_item.py::test_item_optional_fields PASSED              [ 28%]
tests/models/test_item.py::test_item_crud PASSED                         [ 29%]
tests/models/test_item.py::test_item_list PASSED                         [ 30%]
tests/models/test_item.py::test_item_categories_constant PASSED          [ 31%]
tests/models/test_system.py::test_system_model_field_validation PASSED   [ 32%]
tests/models/test_system.py::test_system_defaults PASSED                 [ 34%]
tests/models/test_system.py::test_system_crud PASSED                     [ 35%]
tests/models/test_system.py::test_create_system_function PASSED          [ 36%]
tests/models/test_system.py::test_read_system_function PASSED            [ 37%]
tests/models/test_system.py::test_update_system_function PASSED          [ 38%]
tests/models/test_system.py::test_system_relationships PASSED            [ 39%]
tests/models/test_user.py::test_user_defaults PASSED                     [ 40%]
tests/models/test_user.py::test_user_with_inventory PASSED               [ 41%]
tests/models/test_user.py::test_user_unique_constraint PASSED            [ 42%]
tests/models/test_user.py::test_user_crud PASSED                         [ 43%]
tests/models/test_user.py::test_user_list PASSED                         [ 44%]
tests/services/test_category_service.py::test_create_category PASSED     [ 45%]
tests/services/test_category_service.py::test_get_category PASSED        [ 46%]
tests/services/test_category_service.py::test_get_non_existent_category PASSED [ 47%]
tests/services/test_category_service.py::test_list_categories PASSED     [ 48%]
tests/services/test_category_service.py::test_list_categories_with_skip_and_limit PASSED [ 49%]
tests/services/test_category_service.py::test_update_category PASSED     [ 50%]
tests/services/test_category_service.py::test_update_non_existent_category PASSED [ 51%]
tests/services/test_category_service.py::test_delete_category PASSED     [ 52%]
tests/services/test_category_service.py::test_delete_non_existent_category PASSED [ 53%]
tests/services/test_category_service.py::test_create_category_exception PASSED [ 54%]
tests/services/test_category_service.py::test_get_category_exception PASSED [ 55%]
tests/services/test_error_service.py::test_create_error PASSED           [ 56%]
tests/services/test_error_service.py::test_get_error PASSED              [ 57%]
tests/services/test_error_service.py::test_list_errors PASSED            [ 58%]
tests/services/test_error_service.py::test_update_error PASSED           [ 59%]
tests/services/test_error_service.py::test_delete_error PASSED           [ 60%]
tests/services/test_error_service.py::test_delete_nonexistent_error PASSED [ 61%]
tests/services/test_error_service.py::test_handle_system_error PASSED    [ 62%]
tests/services/test_inventory_service.py::test_create_item PASSED        [ 63%]
tests/services/test_inventory_service.py::test_get_item PASSED           [ 64%]
tests/services/test_inventory_service.py::test_get_item_not_found PASSED [ 65%]
tests/services/test_inventory_service.py::test_list_items PASSED         [ 67%]
tests/services/test_inventory_service.py::test_update_item PASSED        [ 68%]
tests/services/test_inventory_service.py::test_update_item_not_found PASSED [ 69%]
tests/services/test_inventory_service.py::test_delete_item PASSED        [ 70%]
tests/services/test_inventory_service.py::test_delete_item_not_found PASSED [ 71%]
tests/services/test_inventory_service.py::test_search_items_by_name PASSED [ 72%]
tests/services/test_inventory_service.py::test_search_items_by_category PASSED [ 73%]
tests/services/test_inventory_service.py::test_get_summary PASSED        [ 74%]
tests/services/test_inventory_service.py::test_get_items_by_category PASSED [ 75%]
tests/services/test_inventory_service.py::test_filter_items PASSED       [ 76%]
tests/services/test_item_service.py::test_create_item_valid PASSED       [ 77%]
tests/services/test_item_service.py::test_create_item_invalid_category PASSED [ 78%]
tests/services/test_item_service.py::test_create_item_empty_name PASSED  [ 79%]
tests/services/test_item_service.py::test_get_item PASSED                [ 80%]
tests/services/test_item_service.py::test_get_item_not_found PASSED      [ 81%]
tests/services/test_item_service.py::test_list_items PASSED              [ 82%]
tests/services/test_item_service.py::test_update_item_valid PASSED       [ 83%]
tests/services/test_item_service.py::test_update_item_invalid_category PASSED [ 84%]
tests/services/test_item_service.py::test_delete_item PASSED             [ 85%]
tests/services/test_item_service.py::test_filter_items_by_name PASSED    [ 86%]
tests/services/test_item_service.py::test_filter_items_by_category PASSED [ 87%]
tests/services/test_item_service.py::test_filter_items_invalid_category PASSED [ 88%]
tests/services/test_item_service.py::test_get_categories PASSED          [ 89%]
tests/services/test_item_service.py::test_get_item_summary PASSED        [ 90%]
tests/services/test_system_service.py::test_create_system PASSED         [ 91%]
tests/services/test_system_service.py::test_get_system PASSED            [ 92%]
tests/services/test_system_service.py::test_list_systems PASSED          [ 93%]
tests/services/test_system_service.py::test_update_system PASSED         [ 94%]
tests/services/test_system_service.py::test_delete_system PASSED         [ 95%]
tests/services/test_system_service.py::test_get_nonexistent_system PASSED [ 96%]
tests/services/test_system_service.py::test_update_nonexistent_system PASSED [ 97%]
tests/services/test_system_service.py::test_delete_nonexistent_system PASSED [ 98%]
tests/services/test_system_service.py::test_create_system_with_all_fields PASSED [100%]

============================== warnings summary ===============================
C:\Users\HP 450 G 9\AppData\Local\Programs\Python\Python312\Lib\site-packages\pydantic\_internal\_config.py:272
  C:\Users\HP 450 G 9\AppData\Local\Programs\Python\Python312\Lib\site-packages\pydantic\_internal\_config.py:272: PydanticDeprecatedSince20: Support for class-based `config` is deprecated, use ConfigDict instead. Deprecated in Pydantic V2.0 to be removed in V3.0. See Pydantic V2 Migration Guide at https://errors.pydantic.dev/2.6/migration/
    warnings.warn(DEPRECATION_MESSAGE, DeprecationWarning)

tests/api/test_category_router.py::test_create_category
tests/api/test_category_router.py::test_get_category
tests/api/test_category_router.py::test_list_categories
tests/api/test_category_router.py::test_update_category
tests/api/test_category_router.py::test_delete_category
tests/api/test_category_router.py::test_get_nonexistent_category
tests/api/test_category_router.py::test_delete_nonexistent_category
tests/api/test_category_router.py::test_create_category_missing_required_field
  C:\Users\HP 450 G 9\AppData\Local\Programs\Python\Python312\Lib\site-packages\httpx\_client.py:680: DeprecationWarning: The 'app' shortcut is now deprecated. Use the explicit style 'transport=WSGITransport(app=...)' instead.
    warnings.warn(message, DeprecationWarning)

tests/services/test_inventory_service.py::test_get_summary
  E:\\Uni data\\FYP\\integrow\\projects\\shuja609\\test\\app\\services\\inventory_service.py:77: DeprecationWarning: \n          \U0001f6a8 You probably want to use `session.exec()` instead of `session.query()`.\n  \n          `session.exec()` is SQLModel's own short version with increased type\n          annotations.\n  \n          Or otherwise you might want to use `session.execute()` instead of\n          `session.query()`.\n          \n    total_items = self.session.query(Inventory).count()

tests/services/test_inventory_service.py::test_get_summary
  E:\\Uni data\\FYP\\integrow\\projects\\shuja609\\test\\app\\services\\inventory_service.py:78: DeprecationWarning: \n          \U0001f6a8 You probably want to use `session.exec()` instead of `session.query()`.\n  \n          `session.exec()` is SQLModel's own short version with increased type\n          annotations.\n  \n          Or otherwise you might want to use `session.execute()` instead of\n          `session.query()`.\n          \n    categories = self.session.query(Inventory.category).distinct().all()

tests/services/test_item_service.py::test_get_item_summary
  E:\\Uni data\\FYP\\integrow\\projects\\shuja609\\test\\app\\services\\item_service.py:90: DeprecationWarning: \n          \U0001f6a8 You probably want to use `session.exec()` instead of `session.query()`.\n  \n          `session.exec()` is SQLModel's own short version with increased type\n          annotations.\n  \n          Or otherwise you might want to use `session.execute()` instead of\n          `session.query()`.\n          \n    total_items = self.session.query(Item).count()

tests/services/test_item_service.py::test_get_item_summary
tests/services/test_item_service.py::test_get_item_summary
tests/services/test_item_service.py::test_get_item_summary
tests/services/test_item_service.py::test_get_item_summary
tests/services/test_item_service.py::test_get_item_summary
  E:\\Uni data\\FYP\\integrow\\projects\\shuja609\\test\\app\\services\\item_service.py:93: DeprecationWarning: \n          \U0001f6a8 You probably want to use `session.exec()` instead of `session.query()`.\n  \n          `session.exec()` is SQLModel's own short version with increased type\n          annotations.\n  \n          Or otherwise you might want to use `session.execute()` instead of\n          `session.query()`.\n          \n    category_items = self.session.query(Item).filter(Item.category == category).count()

tests/services/test_system_service.py::test_create_system
tests/services/test_system_service.py::test_get_system
tests/services/test_system_service.py::test_list_systems
tests/services/test_system_service.py::test_list_systems
tests/services/test_system_service.py::test_update_system
tests/services/test_system_service.py::test_delete_system
  E:\Uni data\FYP\integrow\projects\shuja609\test\tests\services\test_system_service.py:14: DeprecationWarning: datetime.datetime.utcnow() is deprecated and scheduled for removal in a future version. Use timezone-aware objects to represent datetimes in UTC: datetime.datetime.now(datetime.UTC).
    defaults = {"version": "1.0.0", "lastUpdated": datetime.utcnow()}

tests/services/test_system_service.py::test_create_system_with_all_fields
  E:\Uni data\FYP\integrow\projects\shuja609\test\tests\services\test_system_service.py:82: DeprecationWarning: datetime.datetime.utcnow() is deprecated and scheduled for removal in a future version. Use timezone-aware objects to represent datetimes in UTC: datetime.datetime.now(datetime.UTC).
    now = datetime.utcnow()

-- Docs: https://docs.pytest.org/en/stable/how-to/capture-warnings.html
======================= 97 passed, 24 warnings in 0.95s =======================
